
> oto-burada@0.1.0 prebuild
> npm run db:check-env


> oto-burada@0.1.0 db:check-env
> node scripts/check-supabase-env.mjs

Checking Supabase environment...
OK  NEXT_PUBLIC_SUPABASE_URL
OK  NEXT_PUBLIC_SUPABASE_ANON_KEY
OK  SUPABASE_SERVICE_ROLE_KEY
OK  SUPABASE_STORAGE_BUCKET_LISTINGS

Bootstrap helpers:
OK  SUPABASE_DB_URL
MISS SUPABASE_DEMO_USER_PASSWORD

Required environment looks ready.

> oto-burada@0.1.0 build
> next build

▲ Next.js 16.2.4 (Turbopack)
- Environments: .env.local
- Experiments (use with caution):
  · clientTraceMetadata
  · optimizePackageImports

⚠ The "middleware" file convention is deprecated. Please use "proxy" instead. Learn more: https://nextjs.org/docs/messages/middleware-to-proxy
  Creating an optimized production build ...

> Build error occurred
Error: Turbopack build failed with 5 errors:
./src/lib/api/ip.ts:1:1
You're importing a module that depends on "next/headers". This API is only available in Server Components in the App Router, but you are using it in the Pages Router.
    Learn more: https://nextjs.org/docs/app/building-your-application/rendering/server-components
[31m[1m>[0m [90m1 |[0m [36mimport[0m { headers } [36mfrom[0m [32m"next/headers"[0m;
  [90m  |[0m [31m[1m^^^^^^^^^^^^^^^^^^^^^^^^^^^^^^^^^^^^^^^[0m
  [90m2 |[0m
  [90m3 |[0m [36mexport[0m [36masync[0m [36mfunction[0m getClientIp() {
  [90m4 |[0m   [36mconst[0m headersList = [36mawait[0m headers();

Ecmascript file had an error

Import traces:
  App Route:
    ./src/lib/api/ip.ts
    ./src/app/api/payments/initialize/route.ts

  Server Component:
    ./src/lib/api/ip.ts
    ./src/lib/security/index.ts
    ./src/lib/index.ts
    ./src/app/dashboard/profile/page.tsx

  Client Component Browser:
    ./src/lib/api/ip.ts [Client Component Browser]
    ./src/lib/security/step-up-auth.ts [Client Component Browser]
    ./src/lib/index.ts [Client Component Browser]
    ./src/features/shared/components/error-state.tsx [Client Component Browser]
    ./src/app/error.tsx [Client Component Browser]
    ./src/app/error.tsx [Server Component]

  Client Component SSR:
    ./src/lib/api/ip.ts [Client Component SSR]
    ./src/lib/security/step-up-auth.ts [Client Component SSR]
    ./src/lib/index.ts [Client Component SSR]
    ./src/features/layout/components/mobile-nav.tsx [Client Component SSR]
    ./src/features/layout/components/mobile-nav.tsx [Server Component]
    ./src/features/layout/components/public-shell.tsx [Server Component]
    ./src/app/(public)/layout.tsx [Server Component]


./src/lib/security/csrf.ts:16:1
You're importing a module that depends on "next/headers". This API is only available in Server Components in the App Router, but you are using it in the Pages Router.
    Learn more: https://nextjs.org/docs/app/building-your-application/rendering/server-components
  [90m14 |[0m [90m */[0m
  [90m15 |[0m
[31m[1m>[0m [90m16 |[0m [36mimport[0m { cookies } [36mfrom[0m [32m"next/headers"[0m;
  [90m   |[0m [31m[1m^^^^^^^^^^^^^^^^^^^^^^^^^^^^^^^^^^^^^^^[0m
  [90m17 |[0m [36mimport[0m { [36mtype[0m [33mNextRequest[0m, [33mNextResponse[0m } [36mfrom[0m [32m"next/server"[0m;
  [90m18 |[0m
  [90m19 |[0m [36mimport[0m { getUserFacingError } [36mfrom[0m [32m"@/config/user-messages"[0m;

Ecmascript file had an error

Import traces:
  App Route:
    ./src/lib/security/csrf.ts
    ./src/app/api/auth/csrf/route.ts

  Edge Middleware:
    ./src/lib/security/csrf.ts
    ./src/middleware.ts

  Server Component:
    ./src/lib/security/csrf.ts
    ./src/lib/index.ts
    ./src/features/shared/components/listing-card.tsx
    ./src/app/(public)/(marketplace)/page.tsx

  Client Component Browser:
    ./src/lib/security/csrf.ts [Client Component Browser]
    ./src/lib/index.ts [Client Component Browser]
    ./src/features/shared/components/error-state.tsx [Client Component Browser]
    ./src/features/shared/components/error-state.tsx [Server Component]
    ./src/app/not-found.tsx [Server Component]

  Client Component SSR:
    ./src/lib/security/csrf.ts [Client Component SSR]
    ./src/lib/index.ts [Client Component SSR]
    ./src/features/shared/components/error-state.tsx [Client Component SSR]
    ./src/features/shared/components/error-state.tsx [Server Component]
    ./src/app/not-found.tsx [Server Component]


./src/lib/supabase/server.ts:2:1
You're importing a module that depends on "next/headers". This API is only available in Server Components in the App Router, but you are using it in the Pages Router.
    Learn more: https://nextjs.org/docs/app/building-your-application/rendering/server-components
  [90m1 |[0m [36mimport[0m { createServerClient } [36mfrom[0m [32m"@supabase/ssr"[0m;
[31m[1m>[0m [90m2 |[0m [36mimport[0m { cookies } [36mfrom[0m [32m"next/headers"[0m;
  [90m  |[0m [31m[1m^^^^^^^^^^^^^^^^^^^^^^^^^^^^^^^^^^^^^^^[0m
  [90m3 |[0m
  [90m4 |[0m [36mimport[0m { getSupabaseEnv } [36mfrom[0m [32m"@/lib/env"[0m;
  [90m5 |[0m [36mimport[0m { isRequestContext } [36mfrom[0m [32m"@/lib/next-context"[0m;

Ecmascript file had an error

Import traces:
  #1 [App Route]:
    ./src/lib/supabase/server.ts
    ./src/app/api/auth/sign-out/route.ts

  #2 [Server Component]:
    ./src/lib/supabase/server.ts
    ./src/features/ai/services/ai/ai-actions.ts

  #3 [Server Component]:
    ./src/lib/supabase/server.ts
    ./src/features/auth/lib/session.ts
    ./src/app/layout.tsx

  #4 [Client Component Browser]:
    ./src/lib/supabase/server.ts [Client Component Browser]
    ./src/lib/security/crypto-shredding.ts [Client Component Browser]
    ./src/lib/index.ts [Client Component Browser]
    ./src/features/shared/components/error-state.tsx [Client Component Browser]
    ./src/features/shared/components/error-state.tsx [Server Component]
    ./src/app/not-found.tsx [Server Component]

  #5 [Client Component SSR]:
    ./src/lib/supabase/server.ts [Client Component SSR]
    ./src/lib/security/crypto-shredding.ts [Client Component SSR]
    ./src/lib/index.ts [Client Component SSR]
    ./src/features/shared/components/error-state.tsx [Client Component SSR]
    ./src/features/shared/components/error-state.tsx [Server Component]
    ./src/app/not-found.tsx [Server Component]


./src/lib/supabase/admin.ts:6:1
You're importing a module that depends on "server-only". This API is only available in Server Components in the App Router, but you are using it in the Pages Router.
    Learn more: https://nextjs.org/docs/app/building-your-application/rendering/server-components
  [90m4 |[0m [90m// component, the build will fail with a clear error message instead of silently[0m
  [90m5 |[0m [90m// bundling SUPABASE_SERVICE_ROLE_KEY into the client JavaScript.[0m
[31m[1m>[0m [90m6 |[0m [36mimport[0m [32m"server-only"[0m;
  [90m  |[0m [31m[1m^^^^^^^^^^^^^^^^^^^^^[0m
  [90m7 |[0m
  [90m8 |[0m [36mimport[0m { createClient } [36mfrom[0m [32m"@supabase/supabase-js"[0m;
  [90m9 |[0m

Ecmascript file had an error

Import traces:
  #1 [App Route]:
    ./src/lib/supabase/admin.ts
    ./src/app/api/cron/sync-listing-views/route.ts

  #2 [Server Component]:
    ./src/lib/supabase/admin.ts
    ./src/app/dashboard/listings/actions.ts

  #3 [Server Component]:
    ./src/lib/supabase/admin.ts
    ./src/features/admin-moderation/services/admin/user-actions.ts

  #4 [App Route]:
    ./src/lib/supabase/admin.ts
    ./src/features/auth/lib/session.ts
    ./src/app/api/listings/view/route.ts

  #5 [Server Component]:
    ./src/lib/supabase/admin.ts
    ./src/features/auth/lib/session.ts
    ./src/app/dashboard/stok/page.tsx

  #6 [Server Component]:
    ./src/lib/supabase/admin.ts
    ./src/features/profile/services/profile/profile-records.ts
    ./src/app/dashboard/layout.tsx

  #7 [Client Component Browser]:
    ./src/lib/supabase/admin.ts [Client Component Browser]
    ./src/lib/storage/registry.ts [Client Component Browser]
    ./src/lib/index.ts [Client Component Browser]
    ./src/features/shared/components/error-state.tsx [Client Component Browser]
    ./src/app/error.tsx [Client Component Browser]
    ./src/app/error.tsx [Server Component]

  #8 [Client Component SSR]:
    ./src/lib/supabase/admin.ts [Client Component SSR]
    ./src/lib/storage/registry.ts [Client Component SSR]
    ./src/lib/index.ts [Client Component SSR]
    ./src/features/layout/components/mobile-nav.tsx [Client Component SSR]
    ./src/features/layout/components/mobile-nav.tsx [Server Component]
    ./src/features/layout/components/public-shell.tsx [Server Component]
    ./src/app/(public)/layout.tsx [Server Component]


./src/lib/supabase/admin.ts:6:1
'server-only' cannot be imported from a Client Component module
  [90m4 |[0m [90m// component, the build will fail with a clear error message instead of silently[0m
  [90m5 |[0m [90m// bundling SUPABASE_SERVICE_ROLE_KEY into the client JavaScript.[0m
[31m[1m>[0m [90m6 |[0m [36mimport[0m [32m"server-only"[0m;
  [90m  |[0m [31m[1m^^^^^^^^^^^^^^^^^^^^^[0m
  [90m7 |[0m
  [90m8 |[0m [36mimport[0m { createClient } [36mfrom[0m [32m"@supabase/supabase-js"[0m;
  [90m9 |[0m

It should only be used from a Server Component.

Import traces:
  #1 [App Route]:
    ./src/lib/supabase/admin.ts
    ./src/app/api/cron/sync-listing-views/route.ts

  #2 [Server Component]:
    ./src/lib/supabase/admin.ts
    ./src/app/dashboard/listings/actions.ts

  #3 [Server Component]:
    ./src/lib/supabase/admin.ts
    ./src/features/admin-moderation/services/admin/user-actions.ts

  #4 [App Route]:
    ./src/lib/supabase/admin.ts
    ./src/features/auth/lib/session.ts
    ./src/app/api/listings/view/route.ts

  #5 [Server Component]:
    ./src/lib/supabase/admin.ts
    ./src/features/auth/lib/session.ts
    ./src/app/dashboard/stok/page.tsx

  #6 [Server Component]:
    ./src/lib/supabase/admin.ts
    ./src/features/profile/services/profile/profile-records.ts
    ./src/app/dashboard/layout.tsx

  #7 [Client Component Browser]:
    ./src/lib/supabase/admin.ts [Client Component Browser]
    ./src/lib/storage/registry.ts [Client Component Browser]
    ./src/lib/index.ts [Client Component Browser]
    ./src/features/shared/components/error-state.tsx [Client Component Browser]
    ./src/app/error.tsx [Client Component Browser]
    ./src/app/error.tsx [Server Component]

  #8 [Client Component SSR]:
    ./src/lib/supabase/admin.ts [Client Component SSR]
    ./src/lib/storage/registry.ts [Client Component SSR]
    ./src/lib/index.ts [Client Component SSR]
    ./src/features/layout/components/mobile-nav.tsx [Client Component SSR]
    ./src/features/layout/components/mobile-nav.tsx [Server Component]
    ./src/features/layout/components/public-shell.tsx [Server Component]
    ./src/app/(public)/layout.tsx [Server Component]


    at <unknown> (./src/lib/api/ip.ts:1:1)
    at <unknown> (./src/lib/security/csrf.ts:16:1)
    at <unknown> (./src/lib/supabase/server.ts:2:1)
    at <unknown> (./src/lib/supabase/admin.ts:6:1)
    at <unknown> (./src/lib/supabase/admin.ts:6:1)
