// Vitest Snapshot v1, https://vitest.dev/guide/snapshot.html

exports[`Iyzico Payload Mapping > should match snapshot for payment init payload 1`] = `
{
  "basketId": "LISTING-1",
  "basketItems": [
    {
      "category1": "Classifieds",
      "id": "LISTING-1",
      "itemType": "VIRTUAL",
      "name": "OtoBurada Hizmet",
      "price": "100.00",
    },
  ],
  "billingAddress": {
    "address": "Test Adresi 123",
    "city": "Istanbul",
    "contactName": "Cevat Aydin",
    "country": "Turkey",
    "zipCode": "34000",
  },
  "buyer": {
    "city": "Istanbul",
    "country": "Turkey",
    "email": "cevat@example.com",
    "gsmNumber": "+905321234567",
    "id": "USER-1",
    "identityNumber": "12345678901",
    "ip": "192.168.1.1",
    "lastLoginDate": "2023-04-20 12:00:00",
    "name": "Cevat",
    "registrationAddress": "Test Adresi 123",
    "registrationDate": "2023-01-01 10:00:00",
    "surname": "Aydin",
    "zipCode": "34000",
  },
  "callbackUrl": "http://localhost:3000/api/payments/webhook",
  "conversationId": "ORDER-1",
  "currency": "TRY",
  "enabledInstallments": [
    1,
    2,
    3,
    6,
    9,
  ],
  "locale": "tr",
  "paidPrice": "100.00",
  "paymentGroup": "PRODUCT",
  "price": "100.00",
  "shippingAddress": {
    "address": "Test Adresi 123",
    "city": "Istanbul",
    "contactName": "Cevat Aydin",
    "country": "Turkey",
    "zipCode": "34000",
  },
}
`;
